// Jest Snapshot v1, https://goo.gl/fbAQLP

exports[`<TextField /> should render with error 1`] = `
.c1 {
  font-size: 1.4rem;
  color: #030517;
  cursor: pointer;
}

.c3 {
  display: -webkit-box;
  display: -webkit-flex;
  display: -ms-flexbox;
  display: flex;
  background: #EAEAEA;
  border-radius: 0.2rem;
  padding: 0 0.8rem;
  border: 0.2rem solid;
  border-color: #EAEAEA;
}

.c3:focus-within {
  box-shadow: 0 0 0.5rem #F231A5;
}

.c4 {
  color: #030517;
  font-family: Poppins,-apple-system,BlinkMacSystemFont,'Segoe UI',Roboto,Oxygen,Ubuntu,Cantarell,'Open Sans','Helvetica Neue',sans-serif;
  font-size: 1.6rem;
  padding: 0.8rem;
  padding-left: 0.8rem;
  background: transparent;
  border: 0;
  outline: none;
  width: 100%;
}

.c5 {
  color: #FF6347;
  font-size: 1.2rem;
}

.c0 .c2 {
  border-color: #FF6347;
}

<main
  class="c0"
>
  <label
    class="c1"
    for="TextField"
  >
    TextField
  </label>
  <div
    class="c2 c3"
  >
    <input
      class="c4"
      id="TextField"
      type="text"
      value=""
    />
  </div>
  <p
    class="c5"
  >
    Error message
  </p>
</main>
`;
